%!Adobe-FontList 1.01

%BeginFont
Handler:DirectoryHandler
FontType:Invalid
OutlineFileName:/usr/openwin/lib/X11/fonts/Type1/fonts.dir
%EndFont

%BeginFont
Handler:DirectoryHandler
FontType:Type1
FontName:Utopia-BoldItalic
FamilyName:Utopia
FullName:Utopia Bold Italic
WritingScript:Roman
OutlineFileName:/usr/openwin/lib/X11/fonts/Type1/UTBI____.pfa
DataFormat:Plain
UsesStandardEncoding:yes
isCFF:no
%EndFont

%BeginFont
Handler:DirectoryHandler
FontType:Type1
FontName:Utopia-Bold
FamilyName:Utopia
FullName:Utopia Bold
WritingScript:Roman
OutlineFileName:/usr/openwin/lib/X11/fonts/Type1/UTB_____.pfa
DataFormat:Plain
UsesStandardEncoding:yes
isCFF:no
%EndFont

%BeginFont
Handler:DirectoryHandler
FontType:Type1
FontName:Utopia-Italic
FamilyName:Utopia
FullName:Utopia Italic
WritingScript:Roman
OutlineFileName:/usr/openwin/lib/X11/fonts/Type1/UTI_____.pfa
DataFormat:Plain
UsesStandardEncoding:yes
isCFF:no
%EndFont

%BeginFont
Handler:DirectoryHandler
FontType:Type1
FontName:Utopia-Regular
FamilyName:Utopia
FullName:Utopia Regular
WritingScript:Roman
OutlineFileName:/usr/openwin/lib/X11/fonts/Type1/UTRG____.pfa
DataFormat:Plain
UsesStandardEncoding:yes
isCFF:no
%EndFont

%BeginFont
Handler:DirectoryHandler
FontType:Invalid
OutlineFileName:/usr/openwin/lib/X11/fonts/Type1/fonts.scale
%EndFont

%BeginFont
Handler:DirectoryHandler
FontType:Invalid
OutlineFileName:/usr/openwin/lib/X11/fonts/Type1/fonts.alias.all
%EndFont

%BeginFont
Handler:DirectoryHandler
FontType:Invalid
OutlineFileName:/usr/openwin/lib/X11/fonts/Type1/fonts.alias
%EndFont

%BeginFont
Handler:DirectoryHandler
FontType:Type1
FontName:Helvetica-Bold
FamilyName:Helvetica
FullName:Helvetica Bold
WritingScript:Roman
OutlineFileName:/usr/openwin/lib/X11/fonts/Type1/Helvetica-Bold.pfa
DataFormat:Plain
UsesStandardEncoding:yes
isCFF:no
%EndFont

%BeginFont
Handler:DirectoryHandler
FontType:Type1
FontName:Helvetica-BoldOblique
FamilyName:Helvetica
FullName:Helvetica Bold Oblique
WritingScript:Roman
OutlineFileName:/usr/openwin/lib/X11/fonts/Type1/Helvetica-BoldOblique.pfa
DataFormat:Plain
UsesStandardEncoding:yes
isCFF:no
%EndFont

%BeginFont
Handler:DirectoryHandler
FontType:Type1
FontName:Helvetica-Oblique
FamilyName:Helvetica
FullName:Helvetica Oblique
WritingScript:Roman
OutlineFileName:/usr/openwin/lib/X11/fonts/Type1/Helvetica-Oblique.pfa
DataFormat:Plain
UsesStandardEncoding:yes
isCFF:no
%EndFont

%BeginFont
Handler:DirectoryHandler
FontType:Type1
FontName:Helvetica
FamilyName:Helvetica
FullName:Helvetica
WritingScript:Roman
OutlineFileName:/usr/openwin/lib/X11/fonts/Type1/Helvetica.pfa
DataFormat:Plain
UsesStandardEncoding:yes
isCFF:no
%EndFont

%BeginFont
Handler:DirectoryHandler
FontType:Type1
FontName:Symbol
FamilyName:Symbol
FullName:Symbol
WritingScript:Roman
OutlineFileName:/usr/openwin/lib/X11/fonts/Type1/Symbol.pfa
DataFormat:Plain
UsesStandardEncoding:no
isCFF:no
%EndFont

%BeginFont
Handler:DirectoryHandler
FontType:Type1
FontName:Times-Bold
FamilyName:Times
FullName:Times Bold
WritingScript:Roman
OutlineFileName:/usr/openwin/lib/X11/fonts/Type1/Times-Bold.pfa
DataFormat:Plain
UsesStandardEncoding:yes
isCFF:no
%EndFont

%BeginFont
Handler:DirectoryHandler
FontType:Type1
FontName:Times-BoldItalic
FamilyName:Times
FullName:Times Bold Italic
WritingScript:Roman
OutlineFileName:/usr/openwin/lib/X11/fonts/Type1/Times-BoldItalic.pfa
DataFormat:Plain
UsesStandardEncoding:yes
isCFF:no
%EndFont

%BeginFont
Handler:DirectoryHandler
FontType:Type1
FontName:Times-Italic
FamilyName:Times
FullName:Times Italic
WritingScript:Roman
OutlineFileName:/usr/openwin/lib/X11/fonts/Type1/Times-Italic.pfa
DataFormat:Plain
UsesStandardEncoding:yes
isCFF:no
%EndFont

%BeginFont
Handler:DirectoryHandler
FontType:Type1
FontName:Times-Roman
FamilyName:Times
FullName:Times Roman
WritingScript:Roman
OutlineFileName:/usr/openwin/lib/X11/fonts/Type1/Times-Roman.pfa
DataFormat:Plain
UsesStandardEncoding:yes
isCFF:no
%EndFont

%BeginFont
Handler:DirectoryHandler
FontType:Type1
FontName:Courier
FamilyName:Courier
FullName:Courier
WritingScript:Roman
OutlineFileName:/usr/openwin/lib/X11/fonts/Type1/cour.pfa
DataFormat:Plain
UsesStandardEncoding:yes
isCFF:no
%EndFont

%BeginFont
Handler:DirectoryHandler
FontType:Type1
FontName:Courier-Bold
FamilyName:Courier
FullName:Courier Bold
WritingScript:Roman
OutlineFileName:/usr/openwin/lib/X11/fonts/Type1/courb.pfa
DataFormat:Plain
UsesStandardEncoding:yes
isCFF:no
%EndFont

%BeginFont
Handler:DirectoryHandler
FontType:Type1
FontName:Courier-BoldOblique
FamilyName:Courier
FullName:Courier Bold Oblique
WritingScript:Roman
OutlineFileName:/usr/openwin/lib/X11/fonts/Type1/courbi.pfa
DataFormat:Plain
UsesStandardEncoding:yes
isCFF:no
%EndFont

%BeginFont
Handler:DirectoryHandler
FontType:Type1
FontName:Courier-Oblique
FamilyName:Courier
FullName:Courier Oblique
WritingScript:Roman
OutlineFileName:/usr/openwin/lib/X11/fonts/Type1/couri.pfa
DataFormat:Plain
UsesStandardEncoding:yes
isCFF:no
%EndFont

%BeginFont
Handler:DirectoryHandler
FontType:Invalid
OutlineFileName:/usr/openwin/lib/X11/fonts/Type1/sun/AvantGarde-Book.ps
%EndFont

%BeginFont
Handler:DirectoryHandler
FontType:Invalid
OutlineFileName:/usr/openwin/lib/X11/fonts/Type1/sun/AvantGarde-BookOblique.ps
%EndFont

%BeginFont
Handler:DirectoryHandler
FontType:Invalid
OutlineFileName:/usr/openwin/lib/X11/fonts/Type1/sun/AvantGarde-Demi.ps
%EndFont

%BeginFont
Handler:DirectoryHandler
FontType:Invalid
OutlineFileName:/usr/openwin/lib/X11/fonts/Type1/sun/AvantGarde-DemiOblique.ps
%EndFont

%BeginFont
Handler:DirectoryHandler
FontType:Invalid
OutlineFileName:/usr/openwin/lib/X11/fonts/Type1/sun/Bookman-Demi.ps
%EndFont

%BeginFont
Handler:DirectoryHandler
FontType:Invalid
OutlineFileName:/usr/openwin/lib/X11/fonts/Type1/sun/Bookman-DemiItalic.ps
%EndFont

%BeginFont
Handler:DirectoryHandler
FontType:Invalid
OutlineFileName:/usr/openwin/lib/X11/fonts/Type1/sun/Bookman-Light.ps
%EndFont

%BeginFont
Handler:DirectoryHandler
FontType:Invalid
OutlineFileName:/usr/openwin/lib/X11/fonts/Type1/sun/Bookman-LightItalic.ps
%EndFont

%BeginFont
Handler:DirectoryHandler
FontType:Invalid
OutlineFileName:/usr/openwin/lib/X11/fonts/Type1/sun/Helvetica-Bold.ps
%EndFont

%BeginFont
Handler:DirectoryHandler
FontType:Invalid
OutlineFileName:/usr/openwin/lib/X11/fonts/Type1/sun/Helvetica-BoldOblique.ps
%EndFont

%BeginFont
Handler:DirectoryHandler
FontType:Invalid
OutlineFileName:/usr/openwin/lib/X11/fonts/Type1/sun/Helvetica-Narrow-BolOblique.ps
%EndFont

%BeginFont
Handler:DirectoryHandler
FontType:Invalid
OutlineFileName:/usr/openwin/lib/X11/fonts/Type1/sun/Helvetica-Narrow-Bold.ps
%EndFont

%BeginFont
Handler:DirectoryHandler
FontType:Invalid
OutlineFileName:/usr/openwin/lib/X11/fonts/Type1/sun/Helvetica-Narrow-BoldOblique.ps
%EndFont

%BeginFont
Handler:DirectoryHandler
FontType:Invalid
OutlineFileName:/usr/openwin/lib/X11/fonts/Type1/sun/Helvetica-Narrow-Oblique.ps
%EndFont

%BeginFont
Handler:DirectoryHandler
FontType:Invalid
OutlineFileName:/usr/openwin/lib/X11/fonts/Type1/sun/Helvetica-Narrow.ps
%EndFont

%BeginFont
Handler:DirectoryHandler
FontType:Invalid
OutlineFileName:/usr/openwin/lib/X11/fonts/Type1/sun/Helvetica-Oblique.ps
%EndFont

%BeginFont
Handler:DirectoryHandler
FontType:Invalid
OutlineFileName:/usr/openwin/lib/X11/fonts/Type1/sun/Helvetica.ps
%EndFont

%BeginFont
Handler:DirectoryHandler
FontType:Invalid
OutlineFileName:/usr/openwin/lib/X11/fonts/Type1/sun/Lucida-Bright.ps
%EndFont

%BeginFont
Handler:DirectoryHandler
FontType:Invalid
OutlineFileName:/usr/openwin/lib/X11/fonts/Type1/sun/Lucida-BrightDemiBold.ps
%EndFont

%BeginFont
Handler:DirectoryHandler
FontType:Invalid
OutlineFileName:/usr/openwin/lib/X11/fonts/Type1/sun/Lucida-BrightDemiBoldItalic.ps
%EndFont

%BeginFont
Handler:DirectoryHandler
FontType:Invalid
OutlineFileName:/usr/openwin/lib/X11/fonts/Type1/sun/Lucida-BrightItalic.ps
%EndFont

%BeginFont
Handler:DirectoryHandler
FontType:Type1
FontName:LucidaBright-Demi
FamilyName:LucidaBright
FullName:Lucida Bright Demi
WritingScript:Roman
OutlineFileName:/usr/openwin/lib/X11/fonts/Type1/sun/LucidaBright-Demi.pfa
DataFormat:Plain
UsesStandardEncoding:yes
isCFF:no
%EndFont

%BeginFont
Handler:DirectoryHandler
FontType:Type1
FontName:LucidaBright-DemiItalic
FamilyName:LucidaBright
FullName:Lucida Bright Demi Italic
WritingScript:Roman
OutlineFileName:/usr/openwin/lib/X11/fonts/Type1/sun/LucidaBright-DemiItalic.pfa
DataFormat:Plain
UsesStandardEncoding:yes
isCFF:no
%EndFont

%BeginFont
Handler:DirectoryHandler
FontType:Type1
FontName:LucidaBright-Italic
FamilyName:LucidaBright
FullName:Lucida Bright Italic
WritingScript:Roman
OutlineFileName:/usr/openwin/lib/X11/fonts/Type1/sun/LucidaBright-Italic.pfa
DataFormat:Plain
UsesStandardEncoding:yes
isCFF:no
%EndFont

%BeginFont
Handler:DirectoryHandler
FontType:Type1
FontName:LucidaBright
FamilyName:LucidaBright
FullName:Lucida Bright
WritingScript:Roman
OutlineFileName:/usr/openwin/lib/X11/fonts/Type1/sun/LucidaBright.pfa
DataFormat:Plain
UsesStandardEncoding:yes
isCFF:no
%EndFont

%BeginFont
Handler:DirectoryHandler
FontType:Type1
FontName:LucidaSans-Bold
FamilyName:LucidaSans
FullName:Lucida Sans Bold
WritingScript:Roman
OutlineFileName:/usr/openwin/lib/X11/fonts/Type1/sun/LucidaSans-Bold.pfa
DataFormat:Plain
UsesStandardEncoding:yes
isCFF:no
%EndFont

%BeginFont
Handler:DirectoryHandler
FontType:Type1
FontName:LucidaSans-BoldItalic
FamilyName:LucidaSans
FullName:Lucida Sans Bold Italic
WritingScript:Roman
OutlineFileName:/usr/openwin/lib/X11/fonts/Type1/sun/LucidaSans-BoldItalic.pfa
DataFormat:Plain
UsesStandardEncoding:yes
isCFF:no
%EndFont

%BeginFont
Handler:DirectoryHandler
FontType:Type1
FontName:LucidaSans-Italic
FamilyName:LucidaSans
FullName:Lucida Sans Italic
WritingScript:Roman
OutlineFileName:/usr/openwin/lib/X11/fonts/Type1/sun/LucidaSans-Italic.pfa
DataFormat:Plain
UsesStandardEncoding:yes
isCFF:no
%EndFont

%BeginFont
Handler:DirectoryHandler
FontType:Invalid
OutlineFileName:/usr/openwin/lib/X11/fonts/Type1/sun/LucidaSans-Typewriter.ps
%EndFont

%BeginFont
Handler:DirectoryHandler
FontType:Type1
FontName:LucidaSans
FamilyName:LucidaSans
FullName:Lucida Sans
WritingScript:Roman
OutlineFileName:/usr/openwin/lib/X11/fonts/Type1/sun/LucidaSans.pfa
DataFormat:Plain
UsesStandardEncoding:yes
isCFF:no
%EndFont

%BeginFont
Handler:DirectoryHandler
FontType:Invalid
OutlineFileName:/usr/openwin/lib/X11/fonts/Type1/sun/LucidaSans-TypewriterBold.ps
%EndFont

%BeginFont
Handler:DirectoryHandler
FontType:Type1
FontName:LucidaSansTypewriter-Bold
FamilyName:LucidaSansTypewriter
FullName:Lucida Sans Typewriter Bold
WritingScript:Roman
OutlineFileName:/usr/openwin/lib/X11/fonts/Type1/sun/LucidaSansTypewriter-Bold.pfa
DataFormat:Plain
UsesStandardEncoding:yes
isCFF:no
%EndFont

%BeginFont
Handler:DirectoryHandler
FontType:Type1
FontName:LucidaSansTypewriter
FamilyName:LucidaSansTypewriter
FullName:Lucida Sans Typewriter
WritingScript:Roman
OutlineFileName:/usr/openwin/lib/X11/fonts/Type1/sun/LucidaSansTypewriter.pfa
DataFormat:Plain
UsesStandardEncoding:yes
isCFF:no
%EndFont

%BeginFont
Handler:DirectoryHandler
FontType:Invalid
OutlineFileName:/usr/openwin/lib/X11/fonts/Type1/sun/NewCenturySchlbk-Bold.ps
%EndFont

%BeginFont
Handler:DirectoryHandler
FontType:Invalid
OutlineFileName:/usr/openwin/lib/X11/fonts/Type1/sun/NewCenturySchlbk-BoldItalic.ps
%EndFont

%BeginFont
Handler:DirectoryHandler
FontType:Invalid
OutlineFileName:/usr/openwin/lib/X11/fonts/Type1/sun/NewCenturySchlbk-Italic.ps
%EndFont

%BeginFont
Handler:DirectoryHandler
FontType:Invalid
OutlineFileName:/usr/openwin/lib/X11/fonts/Type1/sun/NewCenturySchlbk-Roman.ps
%EndFont

%BeginFont
Handler:DirectoryHandler
FontType:Invalid
OutlineFileName:/usr/openwin/lib/X11/fonts/Type1/sun/Palatino-Bold.ps
%EndFont

%BeginFont
Handler:DirectoryHandler
FontType:Invalid
OutlineFileName:/usr/openwin/lib/X11/fonts/Type1/sun/Palatino-BoldItalic.ps
%EndFont

%BeginFont
Handler:DirectoryHandler
FontType:Invalid
OutlineFileName:/usr/openwin/lib/X11/fonts/Type1/sun/Palatino-Italic.ps
%EndFont

%BeginFont
Handler:DirectoryHandler
FontType:Invalid
OutlineFileName:/usr/openwin/lib/X11/fonts/Type1/sun/Palatino-Roman.ps
%EndFont

%BeginFont
Handler:DirectoryHandler
FontType:Invalid
OutlineFileName:/usr/openwin/lib/X11/fonts/Type1/sun/Times-Bold.ps
%EndFont

%BeginFont
Handler:DirectoryHandler
FontType:Invalid
OutlineFileName:/usr/openwin/lib/X11/fonts/Type1/sun/Times-BoldItalic.ps
%EndFont

%BeginFont
Handler:DirectoryHandler
FontType:Invalid
OutlineFileName:/usr/openwin/lib/X11/fonts/Type1/sun/Times-Italic.ps
%EndFont

%BeginFont
Handler:DirectoryHandler
FontType:Invalid
OutlineFileName:/usr/openwin/lib/X11/fonts/Type1/sun/Times-Roman.ps
%EndFont

%BeginFont
Handler:DirectoryHandler
FontType:Invalid
OutlineFileName:/usr/openwin/lib/X11/fonts/Type1/sun/fonts.scale
%EndFont

%BeginFont
Handler:DirectoryHandler
FontType:Invalid
OutlineFileName:/usr/openwin/lib/X11/fonts/Type1/sun/ZapfChancery-MediumItalic.ps
%EndFont

%BeginFont
Handler:DirectoryHandler
FontType:Invalid
OutlineFileName:/usr/openwin/lib/X11/fonts/Type1/sun/fonts.upr
%EndFont

%BeginFont
Handler:DirectoryHandler
FontType:Invalid
OutlineFileName:/usr/openwin/lib/X11/fonts/Type1/sun/fonts.dir
%EndFont

%BeginFont
Handler:DirectoryHandler
FontType:Invalid
OutlineFileName:/usr/openwin/lib/X11/fonts/Type1/sun/afm/LucidaBright-Demi.afm
%EndFont

%BeginFont
Handler:DirectoryHandler
FontType:Invalid
OutlineFileName:/usr/openwin/lib/X11/fonts/Type1/sun/afm/LucidaBright-DemiItalic.afm
%EndFont

%BeginFont
Handler:DirectoryHandler
FontType:Invalid
OutlineFileName:/usr/openwin/lib/X11/fonts/Type1/sun/afm/LucidaBright-Italic.afm
%EndFont

%BeginFont
Handler:DirectoryHandler
FontType:Invalid
OutlineFileName:/usr/openwin/lib/X11/fonts/Type1/sun/afm/LucidaBright.afm
%EndFont

%BeginFont
Handler:DirectoryHandler
FontType:Invalid
OutlineFileName:/usr/openwin/lib/X11/fonts/Type1/sun/afm/LucidaSans-Bold.afm
%EndFont

%BeginFont
Handler:DirectoryHandler
FontType:Invalid
OutlineFileName:/usr/openwin/lib/X11/fonts/Type1/sun/afm/LucidaSans-BoldItalic.afm
%EndFont

%BeginFont
Handler:DirectoryHandler
FontType:Invalid
OutlineFileName:/usr/openwin/lib/X11/fonts/Type1/sun/afm/LucidaSans-Italic.afm
%EndFont

%BeginFont
Handler:DirectoryHandler
FontType:Invalid
OutlineFileName:/usr/openwin/lib/X11/fonts/Type1/sun/afm/LucidaSans.afm
%EndFont

%BeginFont
Handler:DirectoryHandler
FontType:Invalid
OutlineFileName:/usr/openwin/lib/X11/fonts/Type1/sun/afm/LucidaSansTypewriter-Bold.afm
%EndFont

%BeginFont
Handler:DirectoryHandler
FontType:Invalid
OutlineFileName:/usr/openwin/lib/X11/fonts/Type1/sun/afm/LucidaSansTypewriter.afm
%EndFont

%BeginFont
Handler:DirectoryHandler
FontType:Invalid
OutlineFileName:/usr/openwin/lib/X11/fonts/Type1/afm/Courier-Bold.afm
%EndFont

%BeginFont
Handler:DirectoryHandler
FontType:Invalid
OutlineFileName:/usr/openwin/lib/X11/fonts/Type1/afm/Courier-BoldOblique.afm
%EndFont

%BeginFont
Handler:DirectoryHandler
FontType:Invalid
OutlineFileName:/usr/openwin/lib/X11/fonts/Type1/afm/Courier-Oblique.afm
%EndFont

%BeginFont
Handler:DirectoryHandler
FontType:Invalid
OutlineFileName:/usr/openwin/lib/X11/fonts/Type1/afm/Courier.afm
%EndFont

%BeginFont
Handler:DirectoryHandler
FontType:Invalid
OutlineFileName:/usr/openwin/lib/X11/fonts/Type1/afm/Helvetica-Bold.afm
%EndFont

%BeginFont
Handler:DirectoryHandler
FontType:Invalid
OutlineFileName:/usr/openwin/lib/X11/fonts/Type1/afm/Helvetica-BoldOblique.afm
%EndFont

%BeginFont
Handler:DirectoryHandler
FontType:Invalid
OutlineFileName:/usr/openwin/lib/X11/fonts/Type1/afm/Helvetica-Oblique.afm
%EndFont

%BeginFont
Handler:DirectoryHandler
FontType:Invalid
OutlineFileName:/usr/openwin/lib/X11/fonts/Type1/afm/Helvetica.afm
%EndFont

%BeginFont
Handler:DirectoryHandler
FontType:Invalid
OutlineFileName:/usr/openwin/lib/X11/fonts/Type1/afm/Symbol.afm
%EndFont

%BeginFont
Handler:DirectoryHandler
FontType:Invalid
OutlineFileName:/usr/openwin/lib/X11/fonts/Type1/afm/Times-Bold.afm
%EndFont

%BeginFont
Handler:DirectoryHandler
FontType:Invalid
OutlineFileName:/usr/openwin/lib/X11/fonts/Type1/afm/Times-BoldItalic.afm
%EndFont

%BeginFont
Handler:DirectoryHandler
FontType:Invalid
OutlineFileName:/usr/openwin/lib/X11/fonts/Type1/afm/Times-Italic.afm
%EndFont

%BeginFont
Handler:DirectoryHandler
FontType:Invalid
OutlineFileName:/usr/openwin/lib/X11/fonts/Type1/afm/Times-Roman.afm
%EndFont

%BeginFont
Handler:DirectoryHandler
FontType:Invalid
OutlineFileName:/usr/openwin/lib/X11/fonts/Type1/prebuilt/Courier-Bold.bepf
%EndFont

%BeginFont
Handler:DirectoryHandler
FontType:Invalid
OutlineFileName:/usr/openwin/lib/X11/fonts/Type1/prebuilt/Courier-BoldOblique.bepf
%EndFont

%BeginFont
Handler:DirectoryHandler
FontType:Invalid
OutlineFileName:/usr/openwin/lib/X11/fonts/Type1/prebuilt/Courier-Oblique.bepf
%EndFont

%BeginFont
Handler:DirectoryHandler
FontType:Invalid
OutlineFileName:/usr/openwin/lib/X11/fonts/Type1/prebuilt/Courier.bepf
%EndFont

%BeginFont
Handler:DirectoryHandler
FontType:Invalid
OutlineFileName:/usr/openwin/lib/X11/fonts/Type1/prebuilt/Helvetica-Bold.bepf
%EndFont

%BeginFont
Handler:DirectoryHandler
FontType:Invalid
OutlineFileName:/usr/openwin/lib/X11/fonts/Type1/prebuilt/Helvetica-BoldOblique.bepf
%EndFont

%BeginFont
Handler:DirectoryHandler
FontType:Invalid
OutlineFileName:/usr/openwin/lib/X11/fonts/Type1/prebuilt/Helvetica-Oblique.bepf
%EndFont

%BeginFont
Handler:DirectoryHandler
FontType:Invalid
OutlineFileName:/usr/openwin/lib/X11/fonts/Type1/prebuilt/Helvetica.bepf
%EndFont

%BeginFont
Handler:DirectoryHandler
FontType:Invalid
OutlineFileName:/usr/openwin/lib/X11/fonts/Type1/prebuilt/Symbol.bepf
%EndFont

%BeginFont
Handler:DirectoryHandler
FontType:Invalid
OutlineFileName:/usr/openwin/lib/X11/fonts/Type1/prebuilt/Times-Bold.bepf
%EndFont

%BeginFont
Handler:DirectoryHandler
FontType:Invalid
OutlineFileName:/usr/openwin/lib/X11/fonts/Type1/prebuilt/Times-BoldItalic.bepf
%EndFont

%BeginFont
Handler:DirectoryHandler
FontType:Invalid
OutlineFileName:/usr/openwin/lib/X11/fonts/Type1/prebuilt/Times-Italic.bepf
%EndFont

%BeginFont
Handler:DirectoryHandler
FontType:Invalid
OutlineFileName:/usr/openwin/lib/X11/fonts/Type1/prebuilt/Times-Roman.bepf
%EndFont

%BeginFont
Handler:DirectoryHandler
FontType:Type1
FontName:Courier-Bold
FamilyName:Courier
FullName:Courier Bold
WritingScript:Roman
OutlineFileName:/usr/openwin/lib/X11/fonts/Type1/outline/Courier-Bold.pfa
DataFormat:Plain
UsesStandardEncoding:yes
isCFF:no
%EndFont

%BeginFont
Handler:DirectoryHandler
FontType:Type1
FontName:Courier-BoldOblique
FamilyName:Courier
FullName:Courier Bold Oblique
WritingScript:Roman
OutlineFileName:/usr/openwin/lib/X11/fonts/Type1/outline/Courier-BoldOblique.pfa
DataFormat:Plain
UsesStandardEncoding:yes
isCFF:no
%EndFont

%BeginFont
Handler:DirectoryHandler
FontType:Type1
FontName:Courier-Oblique
FamilyName:Courier
FullName:Courier Oblique
WritingScript:Roman
OutlineFileName:/usr/openwin/lib/X11/fonts/Type1/outline/Courier-Oblique.pfa
DataFormat:Plain
UsesStandardEncoding:yes
isCFF:no
%EndFont

%BeginFont
Handler:DirectoryHandler
FontType:Type1
FontName:Courier
FamilyName:Courier
FullName:Courier
WritingScript:Roman
OutlineFileName:/usr/openwin/lib/X11/fonts/Type1/outline/Courier.pfa
DataFormat:Plain
UsesStandardEncoding:yes
isCFF:no
%EndFont

%BeginFont
Handler:DirectoryHandler
FontType:Type1
FontName:Helvetica-Bold
FamilyName:Helvetica
FullName:Helvetica Bold
WritingScript:Roman
OutlineFileName:/usr/openwin/lib/X11/fonts/Type1/outline/Helvetica-Bold.pfa
DataFormat:Plain
UsesStandardEncoding:yes
isCFF:no
%EndFont

%BeginFont
Handler:DirectoryHandler
FontType:Type1
FontName:Helvetica-BoldOblique
FamilyName:Helvetica
FullName:Helvetica Bold Oblique
WritingScript:Roman
OutlineFileName:/usr/openwin/lib/X11/fonts/Type1/outline/Helvetica-BoldOblique.pfa
DataFormat:Plain
UsesStandardEncoding:yes
isCFF:no
%EndFont

%BeginFont
Handler:DirectoryHandler
FontType:Type1
FontName:Helvetica-Oblique
FamilyName:Helvetica
FullName:Helvetica Oblique
WritingScript:Roman
OutlineFileName:/usr/openwin/lib/X11/fonts/Type1/outline/Helvetica-Oblique.pfa
DataFormat:Plain
UsesStandardEncoding:yes
isCFF:no
%EndFont

%BeginFont
Handler:DirectoryHandler
FontType:Type1
FontName:Helvetica
FamilyName:Helvetica
FullName:Helvetica
WritingScript:Roman
OutlineFileName:/usr/openwin/lib/X11/fonts/Type1/outline/Helvetica.pfa
DataFormat:Plain
UsesStandardEncoding:yes
isCFF:no
%EndFont

%BeginFont
Handler:DirectoryHandler
FontType:Type1
FontName:Symbol
FamilyName:Symbol
FullName:Symbol
WritingScript:Roman
OutlineFileName:/usr/openwin/lib/X11/fonts/Type1/outline/Symbol.pfa
DataFormat:Plain
UsesStandardEncoding:no
isCFF:no
%EndFont

%BeginFont
Handler:DirectoryHandler
FontType:Type1
FontName:Times-Bold
FamilyName:Times
FullName:Times Bold
WritingScript:Roman
OutlineFileName:/usr/openwin/lib/X11/fonts/Type1/outline/Times-Bold.pfa
DataFormat:Plain
UsesStandardEncoding:yes
isCFF:no
%EndFont

%BeginFont
Handler:DirectoryHandler
FontType:Type1
FontName:Times-BoldItalic
FamilyName:Times
FullName:Times Bold Italic
WritingScript:Roman
OutlineFileName:/usr/openwin/lib/X11/fonts/Type1/outline/Times-BoldItalic.pfa
DataFormat:Plain
UsesStandardEncoding:yes
isCFF:no
%EndFont

%BeginFont
Handler:DirectoryHandler
FontType:Type1
FontName:Times-Italic
FamilyName:Times
FullName:Times Italic
WritingScript:Roman
OutlineFileName:/usr/openwin/lib/X11/fonts/Type1/outline/Times-Italic.pfa
DataFormat:Plain
UsesStandardEncoding:yes
isCFF:no
%EndFont

%BeginFont
Handler:DirectoryHandler
FontType:Type1
FontName:Times-Roman
FamilyName:Times
FullName:Times Roman
WritingScript:Roman
OutlineFileName:/usr/openwin/lib/X11/fonts/Type1/outline/Times-Roman.pfa
DataFormat:Plain
UsesStandardEncoding:yes
isCFF:no
%EndFont

%BeginFont
Handler:DirectoryHandler
FontType:Invalid
OutlineFileName:/usr/openwin/lib/X11/fonts/Type1/outline/fonts.scale
%EndFont

%BeginFont
Handler:DirectoryHandler
FontType:Invalid
OutlineFileName:/usr/openwin/lib/X11/fonts/Type1/outline/fonts.dir
%EndFont

