  1  dskc:1_4..avail.a04
  2  dskc:1_4..g19jun.log
  3  dskc:1_4..g26jun.log
  4  dskc:1_4..avail.a05
  5  dskc:1_4..g03jul.log
  6  dskc:1_4..avail.a07
  7  dskc:1_4..g10jul.log
  8  dskc:1_4..avail.a10
  9  dskc:1_4..g17jul.log
 10  dskc:1_4..avail.a11
 11  dskc:1_4..g16mar.log
 12  dskc:1_4..avail.a12
 13  dskc:1_4..avail.a13
 14  dskc:1_4..avail.a14
 15  dskc:1_4..avail.a15
 16  dskc:1_4..avail.a16
 17  dskc:1_4..avail.a17
 18  dskc:1_4..avail.a20
 19  dskc:1_4..avail.a21
 20  dskc:1_4..avail.a22
 21  dskc:1_4..avail.a23
 22  dskc:1_4..avail.a24
 23  dskc:1_4..avail.a25
 24  dskc:1_4..g18apr.log
 25  dskc:1_4..avail.a26
 26  dskc:1_4..sysjob.ini
 27  dskc:1_4..error.sys
 28  dskc:1_4..galaxy.log
 29  dskc:1_4..avail.sys
 30  dskc:3_3..compl.dat
 31  dskc:3_3..lmenu.exe
 32  dskc:3_3..operat.000
 33  dskc:3_3..operat.001
 34  dskc:3_3..operat.002
 35  dskc:3_3..operat.003
 36  dskc:3_3..operat.004
 37  dskc:3_3..operat.005
 38  dskc:3_3..operat.log
 39  dskc:1_2..backup.exe
 40  dskc:1_2..accre.001
 41  dskc:1_2..backin.nad
 42  dskc:1_2..cprogr.sys
 43  dskc:1_2..fctchk.sys
 44  dskc:1_2..oldd.ctl
 45  dskc:1_2..olde.ctl
 46  dskc:1_2..oldfil.ctl
 47  dskc:1_2..progno.sys
 48  dskc:1_2..prov.dat
 49  dskc:1_2..scdset.out
 50  dskc:1_2..systat.txt
 51  dskc:1_2..used.buk
 52  dskc:1_2..used.old
 53  dskc:1_2..1012.dmp
 54  dskc:1_2..gk2.ctl
 55  dskc:1_2..t.d
 56  dskc:1_2..dsksta.ctl
 57  dskc:1_2..sndall.exe
 58  dskc:1_2..chkfac.txt
 59  dskc:1_2..hlp.mic
 60  dskc:1_2..hlp.dir
 61  dskc:1_2..kom.mac
 62  dskc:1_2..gratis.dat
 63  dskc:1_2..ppn.exe
 64  dskc:1_2..mak.rel
 65  dskc:1_2..nat.mic
 66  dskc:1_2..sticks.txt
 67  dskc:1_2..foo.rel
 68  dskc:1_2..mici.mic
 69  dskc:1_2..ex.ini
 70  dskc:1_2..dirfix.txt
 71  dskc:1_2..back.l00
 72  dskc:1_2..imt.mic
 73  dskc:1_2.galaxy..d60jsy.mac
 74  dskc:1_2.galaxy..d60jsy.rel
 75  dskc:1_2.galaxy..d60unv.mac
 76  dskc:1_2.galaxy..alloca.hlp
 77  dskc:1_2.galaxy..batcon.ctl
 78  dskc:1_2.galaxy..batcon.exe
 79  dskc:1_2.galaxy..batcon.mac
 80  dskc:1_2.galaxy..batctl.mac
 81  dskc:1_2.galaxy..batlog.mac
 82  dskc:1_2.galaxy..batmac.mac
 83  dskc:1_2.galaxy..batpty.mac
 84  dskc:1_2.galaxy..batusr.mac
 85  dskc:1_2.galaxy..cancel.hlp
 86  dskc:1_2.galaxy..cdrive.ctl
 87  dskc:1_2.galaxy..cdrive.exe
 88  dskc:1_2.galaxy..cdrive.mac
 89  dskc:1_2.galaxy..chreqv.mac
 90  dskc:1_2.galaxy..chreqv.unv
 91  dskc:1_2.galaxy..deallo.hlp
 92  dskc:1_2.galaxy..dismou.hlp
 93  dskc:1_2.galaxy..galaxy.ctl
 94  dskc:1_2.galaxy..galaxy.bwr
 95  dskc:1_2.galaxy..galaxy.doc
 96  dskc:1_2.galaxy..galaxy.inf
 97  dskc:1_2.galaxy..galcnf.mac
 98  dskc:1_2.galaxy..galcnf.unv
 99  dskc:1_2.galaxy..galgen.ctl
100  dskc:1_2.galaxy..galgen.exe
101  dskc:1_2.galaxy..galgen.mac
102  dskc:1_2.galaxy..glxcom.mac
103  dskc:1_2.galaxy..glxfil.mac
104  dskc:1_2.galaxy..glxini.mac
105  dskc:1_2.galaxy..glxint.mac
106  dskc:1_2.galaxy..glxipc.mac
107  dskc:1_2.galaxy..glxkbd.mac
108  dskc:1_2.galaxy..glxlib.ctl
109  dskc:1_2.galaxy..glxlib.exe
110  dskc:1_2.galaxy..glxlib.rel
111  dskc:1_2.galaxy..glxlnk.mac
112  dskc:1_2.galaxy..glxmac.mac
113  dskc:1_2.galaxy..glxmac.unv
114  dskc:1_2.galaxy..glxmem.mac
115  dskc:1_2.galaxy..glxots.mac
116  dskc:1_2.galaxy..glxscn.mac
117  dskc:1_2.galaxy..glxtxt.mac
118  dskc:1_2.galaxy..glxver.mac
119  dskc:1_2.galaxy..lptspl.ctl
120  dskc:1_2.galaxy..lptspl.exe
121  dskc:1_2.galaxy..lptspl.mac
122  dskc:1_2.galaxy..mntmac.mac
123  dskc:1_2.galaxy..mntmac.unv
124  dskc:1_2.galaxy..mntpar.mac
125  dskc:1_2.galaxy..mntpar.rel
126  dskc:1_2.galaxy..mount.ctl
127  dskc:1_2.galaxy..mount.exe
128  dskc:1_2.galaxy..mount.hlp
129  dskc:1_2.galaxy..mount.mac
130  dskc:1_2.galaxy..ncptab.rel
131  dskc:1_2.galaxy..ncp.hlp
132  dskc:1_2.galaxy..operat.ctl
133  dskc:1_2.galaxy..opr.exe
134  dskc:1_2.galaxy..opr.mac
135  dskc:1_2.galaxy..oprcmd.mac
136  dskc:1_2.galaxy..opr.hlp
137  dskc:1_2.galaxy..oprerr.mac
138  dskc:1_2.galaxy..oprlog.mac
139  dskc:1_2.galaxy..oprnet.mac
140  dskc:1_2.galaxy..oprpar.mac
141  dskc:1_2.galaxy..oprpar.rel
142  dskc:1_2.galaxy..oprqsr.mac
143  dskc:1_2.galaxy..orion.exe
144  dskc:1_2.galaxy..orion.mac
145  dskc:1_2.galaxy..ornmac.mac
146  dskc:1_2.galaxy..ornmac.unv
147  dskc:1_2.galaxy..please.ctl
148  dskc:1_2.galaxy..please.exe
149  dskc:1_2.galaxy..please.hlp
150  dskc:1_2.galaxy..please.mac
151  dskc:1_2.galaxy..plrcat.mac
152  dskc:1_2.galaxy..plrdsk.mac
153  dskc:1_2.galaxy..plrdsp.mac
154  dskc:1_2.galaxy..plrini.mac
155  dskc:1_2.galaxy..plrlbp.mac
156  dskc:1_2.galaxy..plrmac.mac
157  dskc:1_2.galaxy..plropr.mac
158  dskc:1_2.galaxy..plrt10.mac
159  dskc:1_2.galaxy..plrtap.mac
160  dskc:1_2.galaxy..pulsar.ctl
161  dskc:1_2.galaxy..pulsar.exe
162  dskc:1_2.galaxy..pulsar.mac
163  dskc:1_2.galaxy..qmangr.exe
164  dskc:1_2.galaxy..qmangr.mac
165  dskc:1_2.galaxy..qsradm.mac
166  dskc:1_2.galaxy..qsralc.mac
167  dskc:1_2.galaxy..qsrdsp.mac
168  dskc:1_2.galaxy..qsrfss.mac
169  dskc:1_2.galaxy..qsripc.mac
170  dskc:1_2.galaxy..qsrmac.mac
171  dskc:1_2.galaxy..qsrmac.unv
172  dskc:1_2.galaxy..qsrmda.mac
173  dskc:1_2.galaxy..qsrmem.mac
174  dskc:1_2.galaxy..qsrnet.mac
175  dskc:1_2.galaxy..qsrque.mac
176  dskc:1_2.galaxy..qsrsch.mac
177  dskc:1_2.galaxy..qsrt10.mac
178  dskc:1_2.galaxy..quasar.ctl
179  dskc:1_2.galaxy..quasar.exe
180  dskc:1_2.galaxy..quasar.mac
181  dskc:1_2.galaxy..quench.mac
182  dskc:1_2.galaxy..queue.ctl
183  dskc:1_2.galaxy..queue.exe
184  dskc:1_2.galaxy..queue.hlp
185  dskc:1_2.galaxy..show.hlp
186  dskc:1_2.galaxy..sprint.ctl
187  dskc:1_2.galaxy..sprint.exe
188  dskc:1_2.galaxy..sprint.mac
189  dskc:1_2.galaxy..sprout.ctl
190  dskc:1_2.galaxy..sprout.exe
191  dskc:1_2.galaxy..sprout.mac
192  dskc:1_2.galaxy..system.cmd
193  dskc:1_2.galaxy..nml.exe
194  dskc:1_2.galaxy..bo.exe
195  dskc:1_2.galaxy..boet.exe
196  dskc:1_2.galaxy..botv.exe
197  dskc:1_2.galaxy..botr.exe
198  dskc:1_2.galaxy..bo.dat
199  dskc:1_2.galaxy..boet.dat
200  dskc:1_2.galaxy..botv.dat
201  dskc:1_2.galaxy..botr.dat
202  dskc:1_2.galaxy..boet.dyn
203  dskc:1_2.galaxy..botv.dyn
204  dskc:1_2.galaxy..botr.dyn
205  dskc:1_2.galaxy..bo.dyn
206  dskc:1_2..db.mic
207  dskc:1_2..accre.dat
208  dskc:1_2..foo.mac
209  dskc:1_2..doit.rel
210  dskc:1_2..acct.lst
211  dskc:1_2..nadja.sys
212  dskc:1_2.mic..foo.
213  dskc:1_2.mic..projah.bak
214  dskc:1_2.mic..projah.mic
215  dskc:1_2.mic..nadppn.bak
216  dskc:1_2.mic..nadppn.mic
217  dskc:1_2.mic..lntppn.bak
218  dskc:1_2.mic..lntppn.mic
219  dskc:1_2.mic..lnmppn.bak
220  dskc:1_2.mic..lnmppn.mic
221  dskc:1_2.mic..projm.bak
222  dskc:1_2.mic..projm.mic
223  dskc:1_2.mic..projny.bak
224  dskc:1_2.mic..projny.mic
225  dskc:1_2.mic..not.mic
226  dskc:1_2..disks.log
227  dskc:1_2..compl.tmp
228  dskc:1_2..back.l01
229  dskc:1_2..ncp.log
230  dskc:1_2..tapar.txt
231  dskc:1_2..switch.log
232  dskc:1_2..refres.mic
233  dskc:1_2..animal.dat
234  dskc:1_2..back.l02
235  dskc:1_2..l10y20.dir
236  dskc:1_2..sys.c
237  dskc:1_2..ven.c
238  dskc:1_2..dif.c
239  dskc:1_2..saverr.log
240  dskc:1_2..totfct.sys
241  dskc:1_2..tty.ini
242  dskc:1_2..backup.log
243  dskc:1_2..next.log
244  dskc:1_2..dayacc.log
245  dskc:1_2..used.dat
246  dskc:1_2..volume.f02
247  dskc:1_2..daymai.ctl
248  dskc:1_2..volume.f01
249  dskc:1_2..switch.bak
250  dskc:1_2..switch.ini
251  dskc:1_2..foo.bar
252  dskc:1_5..login.exe
253  dskc:1_5..logout.exe
254  dskc:1_5..quasar.exe
255  dskc:1_5..pulsar.exe
256  dskc:1_5..orion.exe
257  dskc:1_5..glxlib.exe
258  dskc:1_5..opr.exe
259  dskc:1_5..queue.exe
260  dskc:1_5..qmangr.exe
261  dskc:1_5..mount.exe
262  dskc:1_5..direct.exe
263  dskc:1_5..type.exe
264  dskc:1_3..acct.sys
265  dskc:1_3..login.exe
266  dskc:1_3..qsrms1.qsr
267  dskc:1_3..glxlib.exe
268  dskc:1_3..quasar.exe
269  dskc:1_3..pulsar.exe
270  dskc:1_3..orion.exe
271  dskc:1_3..opr.exe
272  dskc:1_3..qmangr.exe
273  dskc:1_3..queue.exe
274  dskc:1_3..glxlib.rel
275  dskc:1_3..mount.exe
276  dskc:1_3..jobdat.sys
277  dskc:1_3..fildat.sys
278  dskc:1_3..ppndat.sys
279  dskc:1_3..voldat.sys
280  dskc:1_3..cust.sys
281  dskc:1_3..fctchk.sys
282  dskc:1_3..used.old
283  dskc:1_3..hpplot.exe
284  dskc:1_3..kom.exe
285  dskc:1_3..systat.exe
286  dskc:1_3..ovrlay.rel
287  dskc:1_3..link.exe
288  dskc:1_3..lnk999.exe
289  dskc:1_3..lnkerr.exe
290  dskc:1_3..lnklod.exe
291  dskc:1_3..lnkmap.exe
292  dskc:1_3..lnkov1.exe
293  dskc:1_3..lnkov2.exe
294  dskc:1_3..lnkscn.exe
295  dskc:1_3..lnkx11.exe
296  dskc:1_3..lnkxit.exe
297  dskc:1_3..fortra.exe
298  dskc:1_3..fortr.exe
299  dskc:1_3..fortb.exe
300  dskc:1_3..fortc.exe
301  dskc:1_3..fortd.exe
302  dskc:1_3..forte.exe
303  dskc:1_3..fortf.exe
304  dskc:1_3..fortg.exe
305  dskc:1_3..forddt.rel
306  dskc:1_3..forlib.rel
307  dskc:1_3..fortra.hlp
308  dskc:1_3..nrt.exe
309  dskc:1_3..skriv.exe
310  dskc:1_3..talk.sav
311  dskc:1_3..lptspl.exe
312  dskc:1_6..abcfil.exe
313  dskc:1_6..abckas.txt
314  dskc:1_6..abclog.txt
315  dskc:1_6..abcmin.txt
316  dskc:1_6..abcsig.txt
317  dskc:1_6..abctrs.txt
318  dskc:1_6..access.usr
319  dskc:1_6..aid10.exe
320  dskc:1_6..amis.exe
321  dskc:1_6..apl.bft
322  dskc:1_6..arbor.exe
323  dskc:1_6..assign.exe
324  dskc:1_6..ateach.exe
325  dskc:1_6..bascvt.exe
326  dskc:1_6..biglet.aft
327  dskc:1_6..biglet.bft
328  dskc:1_6..biglet.sft
329  dskc:1_6..bigma2.bft
330  dskc:1_6..bigma3.bft
331  dskc:1_6..bigtxt.exe
332  dskc:1_6..bited.exe
333  dskc:1_6..bitvir.exe
334  dskc:1_6..change.dat
335  dskc:1_6..chic.aft
336  dskc:1_6..chic.dft
337  dskc:1_6..chic.sft
338  dskc:1_6..chrcon.exe
339  dskc:1_6..clps.exe
340  dskc:1_6..cocos.exe
341  dskc:1_6..convrt.exe
342  dskc:1_6..cr.txt
343  dskc:1_6..cross.exe
344  dskc:1_6..daytst.exe
345  dskc:1_6..del.exe
346  dskc:1_6..demo.bft
347  dskc:1_6..dir.ctl
348  dskc:1_6..dired.exe
349  dskc:1_6..dirsrt.exe
350  dskc:1_6..dirsta.ctl
351  dskc:1_6..dirsta.exe
352  dskc:1_6..disexe.exe
353  dskc:1_6..disrel.exe
354  dskc:1_6..ed3.exe
355  dskc:1_6..ed3a.exe
356  dskc:1_6..emblem.bft
357  dskc:1_6..ff.txt
358  dskc:1_6..fil3.spc
359  dskc:1_6..filus.exe
360  dskc:1_6..for531.exe
361  dskc:1_6..fqclst.exe
362  dskc:1_6..fqcred.exe
363  dskc:1_6..fqctrc.exe
364  dskc:1_6..gnosis.exe
365  dskc:1_6..grafik.exe
366  dskc:1_6..grafik.msg
367  dskc:1_6..greek.bft
368  dskc:1_6..hptek.ini
369  dskc:1_6..ibmsim.exe
370  dskc:1_6..indeks.exe
371  dskc:1_6..initq.exe
372  dskc:1_6..intid.exe
373  dskc:1_6..isps.exe
374  dskc:1_6..ispsim.cmd
375  dskc:1_6..ksyst.exe
376  dskc:1_6..kyrill.bft
377  dskc:1_6..late.exe
378  dskc:1_6..lintty.exe
379  dskc:1_6..lpr.exe
380  dskc:1_6..lpr.ovl
381  dskc:1_6..makedf.exe
382  dskc:1_6..makhlp.exe
383  dskc:1_6..maktrm.exe
384  dskc:1_6..marg.exe
385  dskc:1_6..matrix.er1
386  dskc:1_6..matrix.er2
387  dskc:1_6..matrix.exe
388  dskc:1_6..noter.bft
389  dskc:1_6..numset.exe
390  dskc:1_6..order.exe
391  dskc:1_6..ovhcor.exe
392  dskc:1_6..ovhead.exe
393  dskc:1_6..ovhpre.exe
394  dskc:1_6..pfort.exe
395  dskc:1_6..pltdat.exe
396  dskc:1_6..polish.exe
397  dskc:1_6..pop.exe
398  dskc:1_6..ppnlst.dat
399  dskc:1_6..ppnlst.exe
400  dskc:1_6..ptycon.exe
401  dskc:1_6..replot.exe
402  dskc:1_6..s29vr.aft
403  dskc:1_6..s29vr.bft
404  dskc:1_6..s29vr.sft
405  dskc:1_6..s29vrb.aft
406  dskc:1_6..s29vrb.bft
407  dskc:1_6..s29vrb.sft
408  dskc:1_6..s29vri.aft
409  dskc:1_6..s29vri.bft
410  dskc:1_6..s29vri.sft
411  dskc:1_6..sci.bft
412  dskc:1_6..scribe.exe
413  dskc:1_6..semi.bft
414  dskc:1_6..simdoc.exe
415  dskc:1_6..simexp.exe
416  dskc:1_6..simibm.exe
417  dskc:1_6..simses.exe
418  dskc:1_6..sleep.exe
419  dskc:1_6..smalet.aft
420  dskc:1_6..smalet.bft
421  dskc:1_6..smalet.sft
422  dskc:1_6..sndtty.exe
423  dskc:1_6..sort.swe
424  dskc:1_6..stada.exe
425  dskc:1_6..tekhp.ini
426  dskc:1_6..terdec.ini
427  dskc:1_6..termte.exe
428  dskc:1_6..terpro.exe
429  dskc:1_6..texcal.exe
430  dskc:1_6..tim2go.exe
431  dskc:1_6..touch.exe
432  dskc:1_6..touch.med
433  dskc:1_6..touch.sim
434  dskc:1_6..touch.1
435  dskc:1_6..touch.10
436  dskc:1_6..touch.11
437  dskc:1_6..touch.12
438  dskc:1_6..touch.13
439  dskc:1_6..touch.3
440  dskc:1_6..touch.4
441  dskc:1_6..touch.5
442  dskc:1_6..touch.6
443  dskc:1_6..touch.7
444  dskc:1_6..touch.8
445  dskc:1_6..touch.9
446  dskc:1_6..ttyass.exe
447  dskc:1_6..ttyno.exe
448  dskc:1_6..ttypri.exe
449  dskc:1_6..txplot.exe
450  dskc:1_6..typlin.exe
451  dskc:1_6..undses.exe
452  dskc:1_6..user.exe
453  dskc:1_6..vdemo.exe
454  dskc:1_6..vdpty.exe
455  dskc:1_6..videdc.exe
456  dskc:1_6..videdi.exe
457  dskc:1_6..videdp.exe
458  dskc:1_6..vt100.exe
459  dskc:1_6..who.exe
460  dskc:1_6..ysytat.exe
461  dskc:1_6..zzzzzz.exe
462  dskc:1_6..4plot.exe
463  dskc:1_6..fixctl.exe
464  dskc:1_6..amidch.exe
465  dskc:1_6..videdh.exe
466  dskc:1_6..sci20.bft
467  dskc:1_6..sci50.bft
468  dskc:1_6..blind.bft
469  dskc:1_6..videdu.exe
470  dskc:1_6..apl50.bft
471  dskc:1_6..kermit.exe
472  dskc:1_6..simcoc.exe
473  dskc:1_6..autode.exe
474  dskc:1_6..komter.aut
475  dskc:1_6..komstu.aut
476  dskc:1_6..komkul.aut
477  dskc:1_6..qzinfo.aut
478  dskc:1_6..ex550.exe
479  dskc:1_6..mormor.sft
480  dskc:1_6..mac80.exe
481  dskc:1_6..hexify.exe
482  dskc:1_6..hexcom.exe
483  dskc:1_6..zcross.exe
484  dskc:1_6..a4adre.exe
485  dskc:1_6..cdcsim.exe
486  dskc:1_6..vttest.exe
487  dskc:1_6..sort.eng
488  dskc:1_6..tenvax.exe
489  dskc:1_6..coccnv.exe
490  dskc:1_6..uniq.exe
491  dskc:1_6..letter.big
492  dskc:1_6..pltcut.exe
493  dskc:1_6..plthis.exe
494  dskc:1_6..wc.exe
495  dskc:1_6..checks.exe
496  dskc:1_6..stava.exe
497  dskc:1_6..cantor.ovl
498  dskc:1_6..cantor.exe
499  dskc:1_6..cantor.mes
500  dskc:1_6..grep.exe
501  dskc:1_6..eightb.exe
502  dskc:1_6..newlet.sft
503  dskc:1_6..newlet.aft
504  dskc:1_6..qscan.exe
505  dskc:1_7..usejob.bin
506  dskc:2_5..abc80.hlp
507  dskc:2_5..abcfil.hlp
508  dskc:2_5..access.old
509  dskc:2_5..accoun.hlp
510  dskc:2_5..adres.hlp
511  dskc:2_5..aid.hlp
512  dskc:2_5..aid10.hlp
513  dskc:2_5..alcfil.hlp
514  dskc:2_5..algddt.hlp
515  dskc:2_5..algol.hlp
516  dskc:2_5..amis.hlp
517  dskc:2_5..anf10.hlp
518  dskc:2_5..apl.hlp
519  dskc:2_5..aplcnv.hlp
520  dskc:2_5..arbor.hlp
521  dskc:2_5..ascii.hlp
522  dskc:2_5..assign.hlp
523  dskc:2_5..atrmod.hlp
524  dskc:2_5..attach.hlp
525  dskc:2_5..avail.hlp
526  dskc:2_5..backsp.hlp
527  dskc:2_5..backup.hlp
528  dskc:2_5..bascvt.hlp
529  dskc:2_5..basddt.hlp
530  dskc:2_5..basic.hlp
531  dskc:2_5..batch.hlp
532  dskc:2_5..bited.hlp
533  dskc:2_5..blis10.hlp
534  dskc:2_5..bliss.hlp
535  dskc:2_5..bokng.hlp
536  dskc:2_5..bplot.hlp
537  dskc:2_5..calcmp.hlp
538  dskc:2_5..calsim.hlp
539  dskc:2_5..caltek.hlp
540  dskc:2_5..cbl74.hlp
541  dskc:2_5..cconti.hlp
542  dskc:2_5..cdcsim.hlp
543  dskc:2_5..change.hlp
544  dskc:2_5..changx.hlp
545  dskc:2_5..charge.hlp
546  dskc:2_5..chrcon.hlp
547  dskc:2_5..close.hlp
548  dskc:2_5..clps.hlp
549  dskc:2_5..cobddt.hlp
550  dskc:2_5..cobol.hlp
551  dskc:2_5..cocos.hlp
552  dskc:2_5..cojob.hlp
553  dskc:2_5..comman.hlp
554  dskc:2_5..compil.hlp
555  dskc:2_5..contin.hlp
556  dskc:2_5..convrt.hlp
557  dskc:2_5..copy.hlp
558  dskc:2_5..core.hlp
559  dskc:2_5..cpp.hlp
560  dskc:2_5..cpunch.hlp
561  dskc:2_5..cpylib.hlp
562  dskc:2_5..credir.hlp
563  dskc:2_5..cref.hlp
564  dskc:2_5..cross.hlp
565  dskc:2_5..crscpy.hlp
566  dskc:2_5..csort.hlp
567  dskc:2_5..cstart.hlp
568  dskc:2_5..dahelp.hlp
569  dskc:2_5..date.hlp
570  dskc:2_5..date75.hlp
571  dskc:2_5..daytim.hlp
572  dskc:2_5..dcore.hlp
573  dskc:2_5..ddt.hlp
574  dskc:2_5..deassi.hlp
575  dskc:2_5..debug.hlp
576  dskc:2_5..delete.hlp
577  dskc:2_5..delfil.hlp
578  dskc:2_5..deposi.hlp
579  dskc:2_5..detach.hlp
580  dskc:2_5..diaspl.hlp
581  dskc:2_5..direct.hlp
582  dskc:2_5..dired.hlp
583  dskc:2_5..dirsrt.hlp
584  dskc:2_5..disabl.hlp
585  dskc:2_5..discon.hlp
586  dskc:2_5..disexe.hlp
587  dskc:2_5..dismou.hlp
588  dskc:2_5..disrel.hlp
589  dskc:2_5..dmpfil.hlp
590  dskc:2_5..dms.hlp
591  dskc:2_5..dmsall.swi
592  dskc:2_5..dmscom.swi
593  dskc:2_5..dmshlp.swi
594  dskc:2_5..dmsi.swi
595  dskc:2_5..dmsie.swi
596  dskc:2_5..dmss.swi
597  dskc:2_5..dmssw.swi
598  dskc:2_5..do.hlp
599  dskc:2_5..doc.hlp
600  dskc:2_5..dostap.hlp
601  dskc:2_5..dsk.hlp
602  dskc:2_5..dskcpy.hlp
603  dskc:2_5..dskrat.hlp
604  dskc:2_5..dtc.hlp
605  dskc:2_5..dteadr.hlp
606  dskc:2_5..dtplot.hlp
607  dskc:2_5..dump.hlp
608  dskc:2_5..ed3.hlp
609  dskc:2_5..ed3a.hlp
610  dskc:2_5..edit.hlp
611  dskc:2_5..elfin.hlp
612  dskc:2_5..enable.hlp
613  dskc:2_5..eof.hlp
614  dskc:2_5..errcod.hlp
615  dskc:2_5..ersatz.hlp
616  dskc:2_5..examin.hlp
617  dskc:2_5..execut.hlp
618  dskc:2_5..exempl.hlp
619  dskc:2_5..extent.hlp
620  dskc:2_5..f10.hlp
621  dskc:2_5..f40.hlp
622  dskc:2_5..failsa.hlp
623  dskc:2_5..fasbol.hlp
624  dskc:2_5..fgen.hlp
625  dskc:2_5..figure.hlp
626  dskc:2_5..filcom.hlp
627  dskc:2_5..fildae.hlp
628  dskc:2_5..fildmp.hlp
629  dskc:2_5..filex.hlp
630  dskc:2_5..filus.hlp
631  dskc:2_5..fine.hlp
632  dskc:2_5..finish.hlp
633  dskc:2_5..focal.hlp
634  dskc:2_5..forum.hlp
635  dskc:2_5..fqc.hlp
636  dskc:2_5..fudge.hlp
637  dskc:2_5..fudge2.hlp
638  dskc:2_5..fur.hlp
639  dskc:2_5..galaxy.hlp
640  dskc:2_5..get.hlp
641  dskc:2_5..getibm.hlp
642  dskc:2_5..glob.hlp
643  dskc:2_5..glxlib.hlp
644  dskc:2_5..gnosis.hlp
645  dskc:2_5..gnt.hlp
646  dskc:2_5..gpsss.hlp
647  dskc:2_5..grafik.hlp
648  dskc:2_5..gripe.hlp
649  dskc:2_5..halt.hlp
650  dskc:2_5..help.hlp
651  dskc:2_5..hlp.hlp
652  dskc:2_5..hp2648.hlp
653  dskc:2_5..hsl.hlp
654  dskc:2_5..ibm.hlp
655  dskc:2_5..ibmfil.hlp
656  dskc:2_5..ibmsim.hlp
657  dskc:2_5..imsl.hlp
658  dskc:2_5..indeks.hlp
659  dskc:2_5..index.hlp
660  dskc:2_5..initia.hlp
661  dskc:2_5..iolib.hlp
662  dskc:2_5..isam.hlp
663  dskc:2_5..isps.hlp
664  dskc:2_5..jconti.hlp
665  dskc:2_5..kdpldr.hlp
666  dskc:2_5..kill.hlp
667  dskc:2_5..kjob.hlp
668  dskc:2_5..komanf.hlp
669  dskc:2_5..ks10.hlp
670  dskc:2_5..late.hlp
671  dskc:2_5..libary.hlp
672  dskc:2_5..libfor.hlp
673  dskc:2_5..libman.hlp
674  dskc:2_5..libsim.hlp
675  dskc:2_5..link.hlp
676  dskc:2_5..list.hlp
677  dskc:2_5..lista.hlp
678  dskc:2_5..lnkx11.hlp
679  dskc:2_5..load.hlp
680  dskc:2_5..locate.hlp
681  dskc:2_5..login.hlp
682  dskc:2_5..logout.hlp
683  dskc:2_5..lpr.hlp
684  dskc:2_5..lptspl.hlp
685  dskc:2_5..macput.hlp
686  dskc:2_5..macro.hlp
687  dskc:2_5..macten.hlp
688  dskc:2_5..macxvx.hlp
689  dskc:2_5..macy11.hlp
690  dskc:2_5..mail.hlp
691  dskc:2_5..make.hlp
692  dskc:2_5..makedf.hlp
693  dskc:2_5..makhlp.hlp
694  dskc:2_5..maklib.hlp
695  dskc:2_5..makrno.hlp
696  dskc:2_5..makvfu.hlp
697  dskc:2_5..manual.hlp
698  dskc:2_5..marg.hlp
699  dskc:2_5..matrix.hlp
700  dskc:2_5..mclisp.hlp
701  dskc:2_5..me.hlp
702  dskc:2_5..merge.hlp
703  dskc:2_5..mic.hlp
704  dskc:2_5..mici.hlp
705  dskc:2_5..moncmd.hlp
706  dskc:2_5..monitr.hlp
707  dskc:2_5..mount.hlp
708  dskc:2_5..mtape.hlp
709  dskc:2_5..mtcopy.hlp
710  dskc:2_5..mtfile.hlp
711  dskc:2_5..nad.hlp
712  dskc:2_5..netque.hlp
713  dskc:2_5..netspl.hlp
714  dskc:2_5..networ.hlp
715  dskc:2_5..newbas.hlp
716  dskc:2_5..nice.hlp
717  dskc:2_5..nik.hlp
718  dskc:2_5..node.hlp
719  dskc:2_5..number.hlp
720  dskc:2_5..numset.hlp
721  dskc:2_5..oden.hlp
722  dskc:2_5..omnigr.hlp
723  dskc:2_5..omplot.hlp
724  dskc:2_5..opser.hlp
725  dskc:2_5..order.hlp
726  dskc:2_5..ovhead.hlp
727  dskc:2_5..pascal.hlp
728  dskc:2_5..pasddt.hlp
729  dskc:2_5..pased.hlp
730  dskc:2_5..passwo.hlp
731  dskc:2_5..pasx.hlp
732  dskc:2_5..path.hlp
733  dskc:2_5..person.hlp
734  dskc:2_5..pform.hlp
735  dskc:2_5..pfort.hlp
736  dskc:2_5..pip.hlp
737  dskc:2_5..pivot.hlp
738  dskc:2_5..pjob.hlp
739  dskc:2_5..please.hlp
740  dskc:2_5..plot.hlp
741  dskc:2_5..plotta.hlp
742  dskc:2_5..pltspl.hlp
743  dskc:2_5..polish.hlp
744  dskc:2_5..ppnlst.hlp
745  dskc:2_5..preser.hlp
746  dskc:2_5..print.hlp
747  dskc:2_5..priser.hlp
748  dskc:2_5..progra.hlp
749  dskc:2_5..protec.hlp
750  dskc:2_5..ptpspl.hlp
751  dskc:2_5..ptycon.hlp
752  dskc:2_5..pub.hlp
753  dskc:2_5..punch.hlp
754  dskc:2_5..queue.hlp
755  dskc:2_5..quolst.hlp
756  dskc:2_5..qz.hlp
757  dskc:2_5..qzsend.hlp
758  dskc:2_5..r.hlp
759  dskc:2_5..read.hlp
760  dskc:2_5..reassi.hlp
761  dskc:2_5..reatta.hlp
762  dskc:2_5..reente.hlp
763  dskc:2_5..rel.hlp
764  dskc:2_5..remsa.hlp
765  dskc:2_5..rename.hlp
766  dskc:2_5..rerun.hlp
767  dskc:2_5..resour.hlp
768  dskc:2_5..rewind.hlp
769  dskc:2_5..rsxt10.hlp
770  dskc:2_5..run.hlp
771  dskc:2_5..runinp.hlp
772  dskc:2_5..runoff.hlp
773  dskc:2_5..safeio.hlp
774  dskc:2_5..safmin.hlp
775  dskc:2_5..saft.hlp
776  dskc:2_5..sail.hlp
777  dskc:2_5..save.hlp
778  dskc:2_5..scan.hlp
779  dskc:2_5..scdset.hlp
780  dskc:2_5..sched.hlp
781  dskc:2_5..schol.hlp
782  dskc:2_5..scribe.hlp
783  dskc:2_5..sdlcnv.hlp
784  dskc:2_5..send.hlp
785  dskc:2_5..set.hlp
786  dskc:2_5..setsrc.hlp
787  dskc:2_5..sfd.hlp
788  dskc:2_5..sfor.hlp
789  dskc:2_5..show.hlp
790  dskc:2_5..sim5.hlp
791  dskc:2_5..simatr.hlp
792  dskc:2_5..simcom.hlp
793  dskc:2_5..simddt.hlp
794  dskc:2_5..simdir.hlp
795  dskc:2_5..simdoc.hlp
796  dskc:2_5..simed.hlp
797  dskc:2_5..simexp.hlp
798  dskc:2_5..simhgh.hlp
799  dskc:2_5..simibm.hlp
800  dskc:2_5..simrts.hlp
801  dskc:2_5..simses.hlp
802  dskc:2_5..skip.hlp
803  dskc:2_5..sleep.hlp
804  dskc:2_5..snobol.hlp
805  dskc:2_5..sort.hlp
806  dskc:2_5..sos.hlp
807  dskc:2_5..sostot.hlp
808  dskc:2_5..soup.hlp
809  dskc:2_5..space.hlp
810  dskc:2_5..sprint.hlp
811  dskc:2_5..ssave.hlp
812  dskc:2_5..stada.hlp
813  dskc:2_5..start.hlp
814  dskc:2_5..statp.hlp
815  dskc:2_5..strlib.hlp
816  dskc:2_5..submit.hlp
817  dskc:2_5..switch.hlp
818  dskc:2_5..sysdpy.hlp
819  dskc:2_5..syserr.hlp
820  dskc:2_5..systat.hlp
821  dskc:2_5..talk.hlp
822  dskc:2_5..teco.hlp
823  dskc:2_5..ted.hlp
824  dskc:2_5..tentap.hlp
825  dskc:2_5..termin.hlp
826  dskc:2_5..termte.hlp
827  dskc:2_5..terpro.hlp
828  dskc:2_5..time.hlp
829  dskc:2_5..tips.hlp
830  dskc:2_5..today.hlp
831  dskc:2_5..tops.hlp
832  dskc:2_5..touch.hlp
833  dskc:2_5..tpunch.hlp
834  dskc:2_5..track.hlp
835  dskc:2_5..tty.hlp
836  dskc:2_5..ttycon.hlp
837  dskc:2_5..ttypri.hlp
838  dskc:2_5..ttyspy.hlp
839  dskc:2_5..ttytst.hlp
840  dskc:2_5..tx10.hlp
841  dskc:2_5..txfig.hlp
842  dskc:2_5..txplot.hlp
843  dskc:2_5..type.hlp
844  dskc:2_5..type.swi
845  dskc:2_5..typlin.hlp
846  dskc:2_5..uflip.hlp
847  dskc:2_5..unload.hlp
848  dskc:2_5..unv.hlp
849  dskc:2_5..user.hlp
850  dskc:2_5..usesta.hlp
851  dskc:2_5..uuosym.hlp
852  dskc:2_5..vdemo.hlp
853  dskc:2_5..vdpty.hlp
854  dskc:2_5..versio.hlp
855  dskc:2_5..vided.hlp
856  dskc:2_5..videdc.hlp
857  dskc:2_5..videdh.hlp
858  dskc:2_5..videdi.hlp
859  dskc:2_5..videdp.hlp
860  dskc:2_5..vista.hlp
861  dskc:2_5..volume.hlp
862  dskc:2_5..vt100.bit
863  dskc:2_5..vt100.hlp
864  dskc:2_5..watch.hlp
865  dskc:2_5..where.hlp
866  dskc:2_5..xglob.hlp
867  dskc:2_5..ysytat.hlp
868  dskc:2_5..zap.hlp
869  dskc:2_5..zero.hlp
870  dskc:2_5..zimula.hlp
871  dskc:2_5..11tape.hlp
872  dskc:2_5..2020.hlp
873  dskc:2_5..68274.hlp
874  dskc:2_5..simnon.hlp
875  dskc:2_5..sim6.hlp
876  dskc:2_5..gyminf.hlp
877  dskc:2_5..zork.hlp
878  dskc:2_5..fixctl.hlp
879  dskc:2_5..videdu.hlp
880  dskc:2_5..kermit.hlp
881  dskc:2_5..intel.hlp
882  dskc:2_5..simcoc.hlp
883  dskc:2_5..schema.hlp
884  dskc:2_5..autode.hlp
885  dskc:2_5..10kerm.hlp
886  dskc:2_5..initq.hlp
887  dskc:2_5..ex550.hlp
888  dskc:2_5..filddt.hlp
889  dskc:2_5..cd.hlp
890  dskc:2_5..aurpm.hlp
891  dskc:2_5..all.hlp
892  dskc:2_5..hexcom.hlp
893  dskc:2_5..hexify.hlp
894  dskc:2_5..zcross.hlp
895  dskc:2_5..a4adre.hlp
896  dskc:2_5..k10mit.hlp
897  dskc:2_5..declar.hlp
898  dskc:2_5..netmap.hlp
899  dskc:2_5..config.hlp
900  dskc:2_5..tenvax.hlp
901  dskc:2_5..sunet.hlp
902  dskc:2_5..miccmd.hlp
903  dskc:2_5..april1.hlp
904  dskc:2_5..nft.hlp
905  dskc:2_5..fal.hlp
906  dskc:2_5..702.hlp
907  dskc:2_5..pm.hlp
908  dskc:2_5..wc.hlp
909  dskc:2_5..checks.hlp
910  dskc:2_5..switch.ini
911  dskc:2_5..fortra.hlp
912  dskc:2_5..tider.hlp
913  dskc:2_5..tiderx.hlp
914  dskc:2_5..upnod.hlp
915  dskc:2_5..kom.hlp
916  dskc:2_5..com.hlp
917  dskc:2_5..demos.hlp
918  dskc:2_5..cantor.hlp
919  dskc:2_5..grep.hlp
920  dskc:2_5..lmenu.swe
921  dskc:2_5..lmenu.eng
922  dskc:2_5..vttest.hlp
923  dskc:2_5..qscan.hlp
924  dskc:2_5..newlnk.hlp
925  dskc:2_5..mlab.hlp
926  dskc:2_5..access.usr
927  dskc:2_5..news.hlp
928  dskc:2_5..idleti.hlp
929  dskc:2_5..forddt.hlp
930  dskc:2_5..utskri.hlp
931  dskc:2_5..skriv.hlp
932  dskc:2_5..matlab.inf
933  dskc:2_5..slut.hlp
934  dskc:5_10..acom.tec
935  dskc:5_10..activ.vin
936  dskc:5_10..ad200.vin
937  dskc:5_10..ad25.vin
938  dskc:5_10..adm3a.vin
939  dskc:5_10..all.sos
940  dskc:5_10..alter.sos
941  dskc:5_10..ambass.vin
942  dskc:5_10..amis.bhl
943  dskc:5_10..amis.dec
944  dskc:5_10..amis.dxc
945  dskc:5_10..amis.trm
946  dskc:5_10..ansi.vin
947  dskc:5_10..bb.tco
948  dskc:5_10..bb.tec
949  dskc:5_10..bbl.tco
950  dskc:5_10..bbl.tec
951  dskc:5_10..be100.vin
952  dskc:5_10..bell.tec
953  dskc:5_10..c.tec
954  dskc:5_10..cd713.vin
955  dskc:5_10..cd713p.vin
956  dskc:5_10..ci2605.vin
957  dskc:5_10..ci2632.vin
958  dskc:5_10..clerk.doc
959  dskc:5_10..clerk.tco
960  dskc:5_10..clerk.tec
961  dskc:5_10..cm3380.vin
962  dskc:5_10..co3380.vin
963  dskc:5_10..com.tec
964  dskc:5_10..coment.tec
965  dskc:5_10..comman.sos
966  dskc:5_10..con108.vin
967  dskc:5_10..conten.tco
968  dskc:5_10..conten.tec
969  dskc:5_10..ct.tec
970  dskc:5_10..date.tco
971  dskc:5_10..date.tec
972  dskc:5_10..decide.tco
973  dskc:5_10..decide.tec
974  dskc:5_10..di1650.vin
975  dskc:5_10..dow.tec
976  dskc:5_10..dti52.vin
977  dskc:5_10..el1520.vin
978  dskc:5_10..el1521.vin
979  dskc:5_10..el2500.vin
980  dskc:5_10..el3025.vin
981  dskc:5_10..el3250.vin
982  dskc:5_10..elp.sos
983  dskc:5_10..end.sos
984  dskc:5_10..f.tec
985  dskc:5_10..fine.ted
986  dskc:5_10..finord.tec
987  dskc:5_10..forcom.tec
988  dskc:5_10..getnam.tco
989  dskc:5_10..getnam.tec
990  dskc:5_10..givmfc.tec
991  dskc:5_10..ha.tco
992  dskc:5_10..ha.tec
993  dskc:5_10..hea89.vin
994  dskc:5_10..help.tco
995  dskc:5_10..help.tec
996  dskc:5_10..help10.tec
997  dskc:5_10..hints.tec
998  dskc:5_10..hp2621.vin
999  dskc:5_10..hp2648.vin
1000  dskc:5_10..ht.tco
1001  dskc:5_10..ht.tec
1002  dskc:5_10..id100.vin
1003  dskc:5_10..in200.vin
1004  dskc:5_10..line.com
1005  dskc:5_10..line.tco
1006  dskc:5_10..line.tec
1007  dskc:5_10..maktec.sav
1008  dskc:5_10..maktec.tco
1009  dskc:5_10..maktec.tec
1010  dskc:5_10..minite.vin
1011  dskc:5_10..num.tec
1012  dskc:5_10..p4.tec
1013  dskc:5_10..pe550.vin
1014  dskc:5_10..pe6800.vin
1015  dskc:5_10..pgmfmt.tec
1016  dskc:5_10..ppn.tco
1017  dskc:5_10..ppn.tec
1018  dskc:5_10..read.lib
1019  dskc:5_10..runcon.tco
1020  dskc:5_10..runcon.tec
1021  dskc:5_10..runfil.tec
1022  dskc:5_10..sattel.vin
1023  dskc:5_10..scn7b.tec
1024  dskc:5_10..sig1.tec
1025  dskc:5_10..sixbit.tco
1026  dskc:5_10..sixbit.tec
1027  dskc:5_10..sos.hlp
1028  dskc:5_10..sos.sos
1029  dskc:5_10..sosadv.hlp
1030  dskc:5_10..sosall.hlp
1031  dskc:5_10..sosalt.hlp
1032  dskc:5_10..sosbrf.hlp
1033  dskc:5_10..sosc12.hlp
1034  dskc:5_10..soscom.hlp
1035  dskc:5_10..soscon.hlp
1036  dskc:5_10..soselp.hlp
1037  dskc:5_10..sosend.hlp
1038  dskc:5_10..sosnum.hlp
1039  dskc:5_10..sosopt.hlp
1040  dskc:5_10..sospar.hlp
1041  dskc:5_10..sossum.hlp
1042  dskc:5_10..spec1.sos
1043  dskc:5_10..spec2.sos
1044  dskc:5_10..switch.sos
1045  dskc:5_10..systec.tec
1046  dskc:5_10..t.tec
1047  dskc:5_10..ta2000.vin
1048  dskc:5_10..ta2230.vin
1049  dskc:5_10..td2230.vin
1050  dskc:5_10..tecdoc.tec
1051  dskc:5_10..techlp.txt
1052  dskc:5_10..ted.dir
1053  dskc:5_10..telete.vin
1054  dskc:5_10..time.tco
1055  dskc:5_10..time.tec
1056  dskc:5_10..tr10.vin
1057  dskc:5_10..tv912.vin
1058  dskc:5_10..under.tco
1059  dskc:5_10..under.tec
1060  dskc:5_10..vc2100.vin
1061  dskc:5_10..vc404.vin
1062  dskc:5_10..vc414.vin
1063  dskc:5_10..vc415.vin
1064  dskc:5_10..vi110.vin
1065  dskc:5_10..vi200.vin
1066  dskc:5_10..vi200b.vin
1067  dskc:5_10..viewda.vin
1068  dskc:5_10..vista.vin
1069  dskc:5_10..volker.tec
1070  dskc:5_10..vt100.vin
1071  dskc:5_10..vt100b.vin
1072  dskc:5_10..vt52.vin
1073  dskc:5_10..comexo.vin
1074  dskc:5_10..sw10.vin
1075  dskc:5_10..ts100.vin
1076  dskc:5_10..fa4431.vin
1077  dskc:5_10..visa30.vin
1078  dskc:5_10..hp2623.vin
1079  dskc:5_10..ex550.vin
1080  dskc:5_10..ze29es.vin
1081  dskc:5_10..exce34.vin
1082  dskc:5_10..ta2215.vin
1083  dskc:5_10..re550.ini
1084  dskc:5_10..re550.550
1085  dskc:5_10..vt550.ini
1086  dskc:5_10..vt550.550
1087  dskc:5_10..ci7800.vin
1088  dskc:5_10..mskerm.vin
1089  dskc:5_10..ftwist.vin
1090  dskc:5_11..alcor.rel
1091  dskc:5_11..blilib.rel
1092  dskc:5_11..cc.rel
1093  dskc:5_11..ccoff.rel
1094  dskc:5_11..cpp.rel
1095  dskc:5_11..ctlc.rel
1096  dskc:5_11..disf10.rel
1097  dskc:5_11..dtest1.rel
1098  dskc:5_11..dtest2.rel
1099  dskc:5_11..dtest3.rel
1100  dskc:5_11..dtest4.rel
1101  dskc:5_11..dtest5.rel
1102  dskc:5_11..dtinit.rel
1103  dskc:5_11..dtnit.rel
1104  dskc:5_11..dtplot.rel
1105  dskc:5_11..elfin.atr
1106  dskc:5_11..elfin.rel
1107  dskc:5_11..endecr.rel
1108  dskc:5_11..focall.rel
1109  dskc:5_11..glxini.rel
1110  dskc:5_11..glxlib.rel
1111  dskc:5_11..gnolib.rel
1112  dskc:5_11..gpgsm.atr
1113  dskc:5_11..gpgsm.rel
1114  dskc:5_11..gpsss.atr
1115  dskc:5_11..gpsss.rel
1116  dskc:5_11..gpssst.atr
1117  dskc:5_11..gpssst.rel
1118  dskc:5_11..helper.rel
1119  dskc:5_11..iolib.rel
1120  dskc:5_11..ipcf10.rel
1121  dskc:5_11..jobdat.rel
1122  dskc:5_11..jobsym.rel
1123  dskc:5_11..makshr.rel
1124  dskc:5_11..oprpar.rel
1125  dskc:5_11..queuer.rel
1126  dskc:5_11..scan.rel
1127  dskc:5_11..scn7a.rel
1128  dskc:5_11..scn7b.rel
1129  dskc:5_11..simhgh.rel
1130  dskc:5_11..six12.rel
1131  dskc:5_11..strlib.rel
1132  dskc:5_11..tektbl.rel
1133  dskc:5_11..tx10.rel
1134  dskc:5_11..txf.atr
1135  dskc:5_11..txf.rel
1136  dskc:5_11..uuosym.rel
1137  dskc:5_11..wild.rel
1138  dskc:5_11..wld7a.rel
1139  dskc:5_11..intel.rel
1140  dskc:5_11..ufdset.rel
1141  dskc:5_11..macten.rel
1142  dskc:5_11..caltek.rel
1143  dskc:5_11..wldpar.rel
1144  dskc:5_11..wldscn.rel
1145  dskc:5_11..fdcopy.rel
1146  dskc:5_11..nag.atr
1147  dskc:5_11..nag.rel
1148  dskc:5_11..hlpswi.rel
1149  dskc:5_11..swil.rel
1150  dskc:5_15..access.usr
1151  dskc:5_15..ai.exe
1152  dskc:5_15..arkcop.exe
1153  dskc:5_15..arkfac.sav
1154  dskc:5_15..arksta.sav
1155  dskc:5_15..arktyp.exe
1156  dskc:5_15..backin.exe
1157  dskc:5_15..chkfac.exe
1158  dskc:5_15..cmpacc.sav
1159  dskc:5_15..cpu.exe
1160  dskc:5_15..day.dat
1161  dskc:5_15..day.exe
1162  dskc:5_15..facjob.exe
1163  dskc:5_15..friday.sav
1164  dskc:5_15..gratis.dir
1165  dskc:5_15..gratis.exe
